<html>
<body>
<pre>
<h1>礦ision Build Log</h1>
<h2>Tool Versions:</h2>
IDE-Version: μVision V5.35.0.0
Copyright (C) 2021 ARM Ltd and ARM Germany GmbH. All rights reserved.
License Information: 1 1, 1, LIC=W96CK-Z5H6J-SGH7K-ZT0I1-3QT6J-IE069
 
Tool Versions:
Toolchain:       MDK-ARM Professional  Version: 5.35.0.2
Toolchain Path:  D:\keil\ARM\ARMCC\Bin
C Compiler:      Armcc.exe V5.06 update 7 (build 960)
Assembler:       Armasm.exe V5.06 update 7 (build 960)
Linker/Locator:  ArmLink.exe V5.06 update 7 (build 960)
Library Manager: ArmAr.exe V5.06 update 7 (build 960)
Hex Converter:   FromElf.exe V5.06 update 7 (build 960)
CPU DLL:         SARMCM3.DLL V5.35.0.2
Dialog DLL:      DCM.DLL V1.17.3.0
Target DLL:      CMSIS_AGDI.dll V1.33.0.0
Dialog DLL:      TCM.DLL V1.53.0.0
 
<h2>Project:</h2>
C:\Users\ALIENTEK\Desktop\实验28 触摸屏实验 - 副本\USER\TOUCH.uvprojx
Project File Date:  08/24/2022

<h2>Output:</h2>
*** Using Compiler 'V5.06 update 7 (build 960)', folder: 'D:\keil\ARM\ARMCC\Bin'
Build target 'TOUCH'
compiling test.c...
..\HARDWARE\LVGL\GUI_APP\test\test.c(49): warning:  #1-D: last line of file ends without a newline
   
..\HARDWARE\LVGL\GUI_APP\test\test.c(9): warning:  #177-D: variable "pwm_valu"  was declared but never referenced
  static uint16_t pwm_valu;
..\HARDWARE\LVGL\GUI_APP\test\test.c: 2 warnings, 0 errors
compiling main.c...
linking...
Program Size: Code=259012 RO-data=25004 RW-data=688 ZI-data=1602832  
FromELF: creating hex file...
"..\OBJ\TOUCH.axf" - 0 Error(s), 2 Warning(s).

<h2>Software Packages used:</h2>

Package Vendor: Keil
                http://www.keil.com/pack/Keil.STM32F4xx_DFP.2.8.0.pack
                Keil.STM32F4xx_DFP.2.8.0
                STMicroelectronics STM32F4 Series Device Support, Drivers and Examples

<h2>Collection of Component include folders:</h2>
  D:\keil\Pack\Keil\STM32F4xx_DFP\2.8.0\Drivers\CMSIS\Device\ST\STM32F4xx\Include

<h2>Collection of Component Files used:</h2>
Build Time Elapsed:  00:00:08
</pre>
</body>
</html>
